// Jest Snapshot v1, https://goo.gl/fbAQLP

exports[`<App /> should render and match the snapshot 1`] = `
<BrowserRouter>
  <Helmet
    defaultTitle="Orbital Δ"
    defer={true}
    encodeSpecialCharacters={true}
    htmlAttributes={
      Object {
        "lang": "en-US",
      }
    }
    prioritizeSeoTags={false}
    titleTemplate="[dev] %s - Orbital Δ - vundefined (undefined)"
  >
    <meta
      content="An incremental based on automated rocketry."
      name="description"
    />
  </Helmet>
  <AppThemeProvider>
    <ErrorHandler>
      <PersistGate
        loading={
          <LoadingPage
            category="dev"
            icon={<Memo />}
            route="/loading"
            title="Loading"
          />
        }
        persistor={
          Object {
            "dispatch": [Function],
            "flush": [Function],
            "getState": [Function],
            "pause": [Function],
            "persist": [Function],
            "purge": [Function],
            "replaceReducer": [Function],
            "subscribe": [Function],
            Symbol(Symbol.observable): [Function],
          }
        }
      >
        <GlobalHotkeys>
          <StyledSnackbarProvider>
            <SnackbarUtilsConfigurator />
            <Engine>
              <AppRoutes
                persistor={
                  Object {
                    "dispatch": [Function],
                    "flush": [Function],
                    "getState": [Function],
                    "pause": [Function],
                    "persist": [Function],
                    "purge": [Function],
                    "replaceReducer": [Function],
                    "subscribe": [Function],
                    Symbol(Symbol.observable): [Function],
                  }
                }
              />
            </Engine>
          </StyledSnackbarProvider>
        </GlobalHotkeys>
      </PersistGate>
    </ErrorHandler>
  </AppThemeProvider>
</BrowserRouter>
`;
